---
source: src/tui.rs
expression: text
---
bvr Main | 3/3 | all
┌Issues [focus]─────┐┌Details──────────────────────────────┐
│                   ││                                     │
│ > A               ││ ID: A                               │
│   B               ││ Title: Root                         │
│   C               ││ Status: open                        │
│                   ││ Priority: 0                         │
│                   ││ Type: task                          │
│                   ││ Assignee:                           │
│                   ││ Labels:                             │
│                   ││ PageRank: 0.4805                    │
│                   ││ Critical depth: 2                   │
│                   ││ Depends on: none                    │
│                   ││ Open blockers: none                 │
│                   ││ Direct dependents: B                │
│                   ││                                     │
│                   ││ Description:                        │
│                   ││                                     │
│                   ││                                     │
│                   ││                                     │
│                   ││                                     │
│                   ││                                     │
│                   ││                                     │
│                   ││                                     │
│                   ││                                     │
│                   ││                                     │
│                   ││                                     │
│                   ││                                     │
└───────────────────┘└─────────────────────────────────────┘
Main view mirrors bv split workflow. Press b/i/g/h for focus
