---
source: src/tui.rs
expression: text
---
 ⚡ ACTIONABLE ITEMS  │  1 items in 1 tracks

 💡 RECOMMENDED: Start with A → highest impact: A (score 0…

 TRACK A  completing A unblocks 1 issue(s)
┈┈┈┈┈┈┈┈┈┈┈┈┈┈┈┈┈┈┈┈┈┈┈┈┈┈┈┈┈┈┈┈┈┈┈┈┈┈┈┈┈┈┈┈┈┈┈┈┈┈┈┈┈┈┈┈┈
▸ └─ 🔥 A Root →1
      ↳ Unblocks: B





















 📋 ALL  L:labels • h:detail  ○2 ◉1 ◈0 ●1
