---
source: src/tui.rs
expression: artifact
---
=== E2E Journey: empty-data-edge-case | 100x30 ===

--- Step 1: empty_main ---
┌────────────────────────────────────────┐┌────────────────────────────────────────────────────────┐
│  TYPE PRI STATUS      ID               ││ No issues selected                                     │
│No issues in the current triage slice   ││                                                        │
│Scope: filter=all                       ││                                                        │
│Recover: a all | o open | I in-progress ││                                                        │
│                                        ││                                                        │
│                                        ││                                                        │
│                                        ││                                                        │
│                                        ││                                                        │
│                                        ││                                                        │
│                                        ││                                                        │
│                                        ││                                                        │
│                                        ││                                                        │
│                                        ││                                                        │
│                                        ││                                                        │
│                                        ││                                                        │
│                                        ││                                                        │
│                                        ││                                                        │
│                                        ││                                                        │
│                                        ││                                                        │
│                                        ││                                                        │
│                                        ││                                                        │
│                                        ││                                                        │
│                                        ││                                                        │
│                                        ││                                                        │
│                                        ││                                                        │
│                                        ││                                                        │
│                                        ││                                                        │
└────────────────────────────────────────┘└────────────────────────────────────────────────────────┘
 📋 ALL  ○0 ◉0 ◈0 ●0                    0 issues  tab focus │ C copy │ x export │ / search │ ? help

--- Step 2: empty_board ---
                                         BOARD [by: Status]
       📋 OPEN (0)          🔄 IN PROGRESS (0)         🚫 BLOCKED (0)            ✅ CLOSED (0)
╭───────────────────────╮╭───────────────────────╮╭───────────────────────╮╭───────────────────────╮
│                       ││                       ││                       ││                       │
│                       ││                       ││                       ││                       │
│                       ││                       ││                       ││                       │
│                       ││                       ││                       ││                       │
│                       ││                       ││                       ││                       │
│                       ││                       ││                       ││                       │
│                       ││                       ││                       ││                       │
│                       ││                       ││                       ││                       │
│                       ││                       ││                       ││                       │
│                       ││                       ││                       ││                       │
│                       ││                       ││                       ││                       │
│                       ││                       ││                       ││                       │
│        (empty)        ││        (empty)        ││        (empty)        ││        (empty)        │
│                       ││                       ││                       ││                       │
│                       ││                       ││                       ││                       │
│                       ││                       ││                       ││                       │
│                       ││                       ││                       ││                       │
│                       ││                       ││                       ││                       │
│                       ││                       ││                       ││                       │
│                       ││                       ││                       ││                       │
│                       ││                       ││                       ││                       │
│                       ││                       ││                       ││                       │
│                       ││                       ││                       ││                       │
│                       ││                       ││                       ││                       │
│                       ││                       ││                       ││                       │
╰───────────────────────╯╰───────────────────────╯╰───────────────────────╯╰───────────────────────╯
 📋 ALL  ○0 ◉0 ◈0 ●0                            0 issues  hjkl nav │ G bottom │ tab detail │ b list

--- Step 3: empty_graph ---
┌Graph Nodes [focus]─────────────────────┐┌Graph Focus─────────────────────────────────────────────┐
│                                        ││                                                        │
│ (no issues match filter: all)          ││ No graph data available.                               │
│                                        ││                                                        │
│                                        ││                                                        │
│                                        ││                                                        │
│                                        ││                                                        │
│                                        ││                                                        │
│                                        ││                                                        │
│                                        ││                                                        │
│                                        ││                                                        │
│                                        ││                                                        │
│                                        ││                                                        │
│                                        ││                                                        │
│                                        ││                                                        │
│                                        ││                                                        │
│                                        ││                                                        │
│                                        ││                                                        │
│                                        ││                                                        │
│                                        ││                                                        │
│                                        ││                                                        │
│                                        ││                                                        │
│                                        ││                                                        │
│                                        ││                                                        │
│                                        ││                                                        │
│                                        ││                                                        │
│                                        ││                                                        │
│                                        ││                                                        │
└────────────────────────────────────────┘└────────────────────────────────────────────────────────┘
 📋 ALL  ○0 ◉0 ◈0 ●0    0 issues  h/l nodes │ j/k nodes │ tab edges │ / search │ ⏎ details │ g list

--- Step 4: empty_insights ---
╭───────────────────────────────╮╭───────────────────────────────╮╭───────────────────────────────╮
│ 🚧 Bottlenecks (0)            ││ 🏛 Keystones (0)               ││ 🌐 Influencers (0)            │
│ Betweenness Centrality        ││ Impact Depth                  ││ Eigenvector Centrality        │
│ Measures how often a bead     ││ Measures how deep in the      ││ Scores beads by their         │
│                               ││                               ││                               │
╰───────────────────────────────╯╰───────────────────────────────╯╰───────────────────────────────╯
╭───────────────────────────────╮╭───────────────────────────────╮╭───────────────────────────────╮
│ 🛰 Hubs (0)                    ││ 📚 Authorities (0)            ││ 🧠 Cores (0)                  │
│ HITS Hub Score                ││ HITS Authority Score          ││ k-core Cohesion               │
│ Beads that depend on many     ││ Beads that are depended upon  ││ Nodes with highest k-core     │
│                               ││                               ││                               │
╰───────────────────────────────╯╰───────────────────────────────╯╰───────────────────────────────╯
╭───────────────────────────────╮╭───────────────────────────────╮╭───────────────────────────────╮
│ 🪢 Cut Points (0)             ││ ⏳ Slack (0)                  ││ 🔄 Cycles (0)                 │
│ Articulation Vertices         ││ Longest-path slack            ││ Circular Dependencies         │
│ Nodes whose removal           ││ Distance from critical chain  ││ Groups of beads forming       │
│                               ││                               ││ ✓ No cycles detected          │
╰───────────────────────────────╯╰───────────────────────────────╯╰───────────────────────────────╯
╭─────────────────────────────────────────────────────────────────────────────────────────────────╮
│ 🎯 Priority (0)   Agent-First Triage                                                            │
│                                                                                                 │
│                                                                                                 │
│                                                                                                 │
│                                                                                                 │
│                                                                                                 │
│                                                                                                 │
│                                                                                                 │
│                                                                                                 │
╰─────────────────────────────────────────────────────────────────────────────────────────────────╯
 📋 ALL  ○0 ◉0 ◈0 ●0              0 issues  h/l panels │ j/k items │ / search │ tab detail │ ? help

--- Step 5: empty_actionable ---
 ⚡ ACTIONABLE ITEMS  │  0 items in 0 tracks

✓ No actionable items. All tasks are either blocked or completed.


























 📋 ALL  ○0 ◉0 ◈0 ●0                0 issues  j/k nav │ tab tracks/items │ ⏎ view │ a list │ ? help

--- Step 6: empty_tree ---
bvr 1 Main b Board i Insights T Tree | mode=Tree | focus=list | issues=0/0 | filter=all |
┌Dependency Tree [focus]─────────────────┐┌Issue Detail────────────────────────────────────────────┐
│                                        ││                                                        │
│ (no dependency tree — all issues are i ││ (no node selected)                                     │
│                                        ││                                                        │
│                                        ││                                                        │
│                                        ││                                                        │
│                                        ││                                                        │
│                                        ││                                                        │
│                                        ││                                                        │
│                                        ││                                                        │
│                                        ││                                                        │
│                                        ││                                                        │
│                                        ││                                                        │
│                                        ││                                                        │
│                                        ││                                                        │
│                                        ││                                                        │
│                                        ││                                                        │
│                                        ││                                                        │
│                                        ││                                                        │
│                                        ││                                                        │
│                                        ││                                                        │
│                                        ││                                                        │
│                                        ││                                                        │
│                                        ││                                                        │
│                                        ││                                                        │
│                                        ││                                                        │
│                                        ││                                                        │
└────────────────────────────────────────┘└────────────────────────────────────────────────────────┘
Tree: 0 nodes │ j/k navigate │ Enter expand/collapse │ Tab focus │ T/Esc back

--- Step 7: empty_main_return ---
┌────────────────────────────────────────┐┌────────────────────────────────────────────────────────┐
│  TYPE PRI STATUS      ID               ││ No issues selected                                     │
│No issues in the current triage slice   ││                                                        │
│Scope: filter=all                       ││                                                        │
│Recover: a all | o open | I in-progress ││                                                        │
│                                        ││                                                        │
│                                        ││                                                        │
│                                        ││                                                        │
│                                        ││                                                        │
│                                        ││                                                        │
│                                        ││                                                        │
│                                        ││                                                        │
│                                        ││                                                        │
│                                        ││                                                        │
│                                        ││                                                        │
│                                        ││                                                        │
│                                        ││                                                        │
│                                        ││                                                        │
│                                        ││                                                        │
│                                        ││                                                        │
│                                        ││                                                        │
│                                        ││                                                        │
│                                        ││                                                        │
│                                        ││                                                        │
│                                        ││                                                        │
│                                        ││                                                        │
│                                        ││                                                        │
│                                        ││                                                        │
└────────────────────────────────────────┘└────────────────────────────────────────────────────────┘
 📋 ALL  ○0 ◉0 ◈0 ●0                    0 issues  tab focus │ C copy │ x export │ / search │ ? help
