---
source: src/tui.rs
expression: text
---
 HISTORY  ◈ Beads                                                                                                     [/] search  [H] close
 3 beads  •  git history not loaded
 Showing all 3 beads
────────────────────────────────────────────────────────────────────────────────────────────────────────────────────────────────────────────
┌────────────────────────────────────────┐┌───────────────────────────────────────────────┐┌───────────────────────────────────────────────┐
│BEADS WITH HISTORY                      ││COMMITS                                        ││COMMIT DETAILS                                 │
│────────────────────────────────────────││───────────────────────────────────────────────││○ A: Root                                      │
│▸ ○ A Root                           ⚡2││No commits correlated with A                   ││───────────────────────────────────────────────│
│  ○ B Dependent                      ⚡2││                                               ││LIFECYCLE (2)                                  │
│  ✓ C Closed                         ⚡3││                                               │││ ✎ 5mo ago                                    │
│                                        ││                                               ││└ 🆕 5mo ago                                   │
│                                        ││                                               ││                                               │
│                                        ││                                               ││Git history not loaded                         │
│                                        ││                                               ││                                               │
│                                        ││                                               ││                                               │
│                                        ││                                               ││                                               │
│                                        ││                                               ││                                               │
│                                        ││                                               ││                                               │
│                                        ││                                               ││                                               │
│                                        ││                                               ││                                               │
│                                        ││                                               ││                                               │
│                                        ││                                               ││                                               │
│                                        ││                                               ││                                               │
│                                        ││                                               ││                                               │
│                                        ││                                               ││                                               │
│                                        ││                                               ││───────────────────────────────────────────────│
│                                        ││                                               ││0 commits • 0 files • 0% avg                   │
│                                        ││                                               ││J/K:nav  y:copy  o:open  g:graph               │
└────────────────────────────────────────┘└───────────────────────────────────────────────┘└───────────────────────────────────────────────┘
 📋 ALL  ⚠ 2 alerts (!)   ○2 ◉1 ◈0 ●1                                             3 issues  j/k nav │ tab focus │ ⏎ jump │ y copy │ H close
