---
source: src/tui.rs
expression: artifact
---
=== E2E Journey: narrow-geometry-stress | 40x15 ===

--- Step 1: narrow_main ---
┌──────────────────────────────────────┐
│  TYPE PRI STATUS      ID             │
│▸ 📋 P0 🔓1 OPEN A Root               │
│  📋 P0 OPEN B Dependent              │
│  📋 P0 DONE C Closed                 │
│                                      │
│                                      │
│                                      │
│                                      │
│                                      │
│                                      │
│                                      │
│         Page 1 of 1 (items 1-3 of 3) │
└──────────────────────────────────────┘
 📋 ALL  L:labels • h:detail  ○2 ◉1 ◈0 ●

--- Step 2: narrow_board ---
           BOARD [by: Status]
📋 OPEN (2) 🔄 IN PROGR…🚫 BLOCKED …✅ …
╭──────────╮╭──────────╮╭──────────╮╭──╮
│ ╭──────╮ ││          ││          ││  │
│ │ 📋 … │ ││          ││          ││  │
│ │ Root │ ││          ││          ││  │
│ │ ⚡→… │ ││          ││          ││  │
│ ╰──────╯ ││          ││          ││  │
│          ││ (empty)  ││ (empty)  ││  │
│          ││          ││          ││  │
│          ││          ││          ││  │
│          ││          ││          ││  │
│  ↕ 1/2   ││          ││          ││  │
╰──────────╯╰──────────╯╰──────────╯╰──╯
 📋 ALL  1-4:col • o/c/r:filter • s:grou

--- Step 3: narrow_board_nav ---
           BOARD [by: Status]
📋 OPEN (2) 🔄 IN PROGR…🚫 BLOCKED …✅ …
╭──────────╮╭──────────╮╭──────────╮╭──╮
│ ╭──────╮ ││          ││          ││  │
│ │ 📋 … │ ││          ││          ││  │
│ │ Root │ ││          ││          ││  │
│ │ ⚡→… │ ││          ││          ││  │
│ ╰──────╯ ││          ││          ││  │
│          ││ (empty)  ││ (empty)  ││  │
│          ││          ││          ││  │
│          ││          ││          ││  │
│          ││          ││          ││  │
│  ↕ 1/2   ││          ││          ││  │
╰──────────╯╰──────────╯╰──────────╯╰──╯
 📋 ALL  1-4:col • o/c/r:filter • s:grou

--- Step 4: narrow_graph ---
┌Graph View [focus]────────────────────┐
│                                      │
│ Graph: nodes=3 edges=1 cycles=0 acti │
│ Focus: node 3/3 -> C (Closed)        │
│ Focused edge: list focus (Tab to ins │
│                                      │
│                   ╔═════════════════ │
│                   ║[x T p0] C        │
│                   ║Closed            │
│                   ║up:0 down:0       │
│                   ╚═════════════════ │
│                                      │
│                                      │
└──────────────────────────────────────┘
 📋 ALL  L:labels • h:detail  ○2 ◉1 ◈0 ●

--- Step 5: narrow_insights ---
╭───────────╮╭───────────╮╭───────────╮
│ 🚧 Bottl… ││ 🏛 Keysto… ││ 🌐 Influ… │
│ Betweenne ││ Impact De ││ Eigenvect │
╰───────────╯╰───────────╯╰───────────╯
╭───────────╮╭───────────╮╭───────────╮
│ 🛰 Hubs (… ││ 📚 Autho… ││ 🧠 Cores… │
│ HITS Hub  ││ HITS Auth ││ k-core Co │
╰───────────╯╰───────────╯╰───────────╯
╭───────────╮╭───────────╮╭───────────╮
│ 🪢 Cut P… ││ ⏳ Slack… ││ 🔄 Cycle… │
│ Articulat ││ Longest-p ││ Circular  │
╰───────────╯╰───────────╯╰───────────╯


 📋 ALL  Bottlenecks • L:labels • h:deta

--- Step 6: narrow_insights_cycle ---
╭───────────╮╭───────────╮╭───────────╮
│ 🚧 Bottl… ││ 🏛 Keysto… ││ 🌐 Influ… │
│ Betweenne ││ Impact De ││ Eigenvect │
╰───────────╯╰───────────╯╰───────────╯
╭───────────╮╭───────────╮╭───────────╮
│ 🛰 Hubs (… ││ 📚 Autho… ││ 🧠 Cores… │
│ HITS Hub  ││ HITS Auth ││ k-core Co │
╰───────────╯╰───────────╯╰───────────╯
╭───────────╮╭───────────╮╭───────────╮
│ 🪢 Cut P… ││ ⏳ Slack… ││ 🔄 Cycle… │
│ Articulat ││ Longest-p ││ Circular  │
╰───────────╯╰───────────╯╰───────────╯


 📋 ALL  Keystones • L:labels • h:detail

--- Step 7: narrow_actionable ---
 ⚡ ACTIONABLE ITEMS  │  1 items in 1 tr

 💡 RECOMMENDED: Start with A → highes…

 TRACK A  completing A unblocks 1 is…
┈┈┈┈┈┈┈┈┈┈┈┈┈┈┈┈┈┈┈┈┈┈┈┈┈┈┈┈┈┈┈┈┈┈┈┈┈
▸ └─ 🔥 A Root →1
      ↳ Unblocks: B






 📋 ALL  L:labels • h:detail  ○2 ◉1 ◈0 ●

--- Step 8: narrow_tree ---
bvr 1 Main b Board i In T Tree  | 3/3 |
┌Dependency T┐┌Issue Detail────────────┐
│            ││                        │
│ Dependency ││ ID: A                  │
│ ────────── ││ Title: Root            │
│ ▸ [-] o P0 ││ Status: open           │
│   │   └──  ││ Type: task             │
│       x P0 ││ Depth: 0               │
│            ││ Labels: core, parity   │
│            ││                        │
│            ││ Dependents (1):        │
│            ││   B - Dependent        │
│            ││                        │
└────────────┘└────────────────────────┘
Tree: 3 nodes │ j/k navigate

--- Step 9: narrow_main_return ---
┌──────────────────────────────────────┐
│  TYPE PRI STATUS      ID             │
│  📋 P0 🔓1 OPEN A Root               │
│  📋 P0 OPEN B Dependent              │
│▸ 📋 P0 DONE C Closed                 │
│                                      │
│                                      │
│                                      │
│                                      │
│                                      │
│                                      │
│                                      │
│         Page 1 of 1 (items 1-3 of 3) │
└──────────────────────────────────────┘
 📋 ALL  L:labels • h:detail  ○2 ◉1 ◈0 ●
