---
source: src/tui.rs
expression: text
---
┌Confirm Quit──────────────────────────────────────────────────────────────────────────────────────┐
│                                                                                                  │
│ Quit bvr?                                                                                        │
│                                                                                                  │
│ Press Esc or Y to quit.                                                                          │
│ Press any other key to cancel.                                                                   │
│                                                                                                  │
│                                                                                                  │
│                                                                                                  │
│                                                                                                  │
│                                                                                                  │
│                                                                                                  │
│                                                                                                  │
│                                                                                                  │
│                                                                                                  │
│                                                                                                  │
│                                                                                                  │
│                                                                                                  │
│                                                                                                  │
│                                                                                                  │
│                                                                                                  │
│                                                                                                  │
│                                                                                                  │
│                                                                                                  │
│                                                                                                  │
│                                                                                                  │
│                                                                                                  │
│                                                                                                  │
└──────────────────────────────────────────────────────────────────────────────────────────────────┘
Esc/Y confirms quit. Any other key cancels.
