---
source: src/tui.rs
expression: artifact
---
=== E2E Journey: actionable→tree→attention | 120x35 ===

--- Step 1: main_start ---
┌────────────────────────────────────────────┐┌────────────────────────────────────────────────────────────────────────┐
│  TYPE PRI STATUS      ID                   ││ ✨ Feature work                                                        │
│▸ ✨ P1 OPEN A Feature work                 ││                                                                        │
│  🐛 P2 OPEN B Bug fix                      ││ ┌────┬────────┬──────────┬──────────┬─────────┐                        │
│  📋 P3 OPEN C UI polish                    ││ │ ID │ Status │ Priority │ Assignee │ Created │                        │
│                                            ││ ├────┼────────┼──────────┼──────────┼─────────┤                        │
│                                            ││ │ A  │ OPEN   │ ⚡ P1    │ —        │ —       │                        │
│                                            ││ └────┴────────┴──────────┴──────────┴─────────┘                        │
│                                            ││                                                                        │
│                                            ││ Labels: backend, urgent                                                │
│                                            ││ C copy id • L label filter • w repo filter • t time-travel             │
│                                            ││                                                                        │
│                                            ││ Graph Analysis                                                         │
│                                            ││ • Impact Depth: 1 (downstream chain length)                            │
│                                            ││ • Centrality: PR 0.3333 • BW 0.0000 • EV 0.5774                        │
│                                            ││ • Flow Role: Hub 0.0000 • Authority 0.0000                             │
│                                            ││                                                                        │
│                                            ││                                                                        │
│                                            ││                                                                        │
│                                            ││                                                                        │
│                                            ││                                                                        │
│                                            ││                                                                        │
│                                            ││                                                                        │
│                                            ││                                                                        │
│                                            ││                                                                        │
│                                            ││                                                                        │
│                                            ││                                                                        │
│                                            ││                                                                        │
│                                            ││                                                                        │
│                                            ││                                                                        │
│                                            ││                                                                        │
│                                            ││                                                                        │
│               Page 1 of 1 (items 1-3 of 3) ││                                                                        │
└────────────────────────────────────────────┘└────────────────────────────────────────────────────────────────────────┘
 📋 ALL  L:labels • h:detail  ○3 ◉3 ◈0 ●0                   3 issues  tab focus │ C copy │ x export │ / search │ ? help

--- Step 2: actionable_entry ---
 ⚡ ACTIONABLE ITEMS  │  3 items in 3 tracks

 💡 RECOMMENDED: Start with A → highest impact: A (score 0.59)

 TRACK A  independent issue — can execute in parallel
┈┈┈┈┈┈┈┈┈┈┈┈┈┈┈┈┈┈┈┈┈┈┈┈┈┈┈┈┈┈┈┈┈┈┈┈┈┈┈┈┈┈┈┈┈┈┈┈┈┈┈┈┈┈┈┈┈┈┈┈┈┈┈┈┈┈┈┈┈┈┈┈┈┈┈┈┈┈┈┈┈┈┈┈┈┈┈┈┈┈┈┈┈┈┈┈┈┈┈┈┈┈┈┈┈┈┈┈┈┈┈┈┈┈┈┈┈
▸ └─ ⚡ A Feature work

 TRACK B  independent issue — can execute in parallel
┈┈┈┈┈┈┈┈┈┈┈┈┈┈┈┈┈┈┈┈┈┈┈┈┈┈┈┈┈┈┈┈┈┈┈┈┈┈┈┈┈┈┈┈┈┈┈┈┈┈┈┈┈┈┈┈┈┈┈┈┈┈┈┈┈┈┈┈┈┈┈┈┈┈┈┈┈┈┈┈┈┈┈┈┈┈┈┈┈┈┈┈┈┈┈┈┈┈┈┈┈┈┈┈┈┈┈┈┈┈┈┈┈┈┈┈┈
  └─ 🔹 B Bug fix

 TRACK C  independent issue — can execute in parallel
┈┈┈┈┈┈┈┈┈┈┈┈┈┈┈┈┈┈┈┈┈┈┈┈┈┈┈┈┈┈┈┈┈┈┈┈┈┈┈┈┈┈┈┈┈┈┈┈┈┈┈┈┈┈┈┈┈┈┈┈┈┈┈┈┈┈┈┈┈┈┈┈┈┈┈┈┈┈┈┈┈┈┈┈┈┈┈┈┈┈┈┈┈┈┈┈┈┈┈┈┈┈┈┈┈┈┈┈┈┈┈┈┈┈┈┈┈
  └─ ☕ C UI polish



















 📋 ALL  L:labels • h:detail  ○3 ◉3 ◈0 ●0               3 issues  j/k nav │ tab tracks/items │ ⏎ view │ a list │ ? help

--- Step 3: actionable_detail_nav ---
 ⚡ ACTIONABLE ITEMS  │  3 items in 3 tracks

 💡 RECOMMENDED: Start with A → highest impact: A (score 0.59)

 TRACK A  independent issue — can execute in parallel
┈┈┈┈┈┈┈┈┈┈┈┈┈┈┈┈┈┈┈┈┈┈┈┈┈┈┈┈┈┈┈┈┈┈┈┈┈┈┈┈┈┈┈┈┈┈┈┈┈┈┈┈┈┈┈┈┈┈┈┈┈┈┈┈┈┈┈┈┈┈┈┈┈┈┈┈┈┈┈┈┈┈┈┈┈┈┈┈┈┈┈┈┈┈┈┈┈┈┈┈┈┈┈┈┈┈┈┈┈┈┈┈┈┈┈┈┈
▸ └─ ⚡ A Feature work

 TRACK B  independent issue — can execute in parallel
┈┈┈┈┈┈┈┈┈┈┈┈┈┈┈┈┈┈┈┈┈┈┈┈┈┈┈┈┈┈┈┈┈┈┈┈┈┈┈┈┈┈┈┈┈┈┈┈┈┈┈┈┈┈┈┈┈┈┈┈┈┈┈┈┈┈┈┈┈┈┈┈┈┈┈┈┈┈┈┈┈┈┈┈┈┈┈┈┈┈┈┈┈┈┈┈┈┈┈┈┈┈┈┈┈┈┈┈┈┈┈┈┈┈┈┈┈
  └─ 🔹 B Bug fix

 TRACK C  independent issue — can execute in parallel
┈┈┈┈┈┈┈┈┈┈┈┈┈┈┈┈┈┈┈┈┈┈┈┈┈┈┈┈┈┈┈┈┈┈┈┈┈┈┈┈┈┈┈┈┈┈┈┈┈┈┈┈┈┈┈┈┈┈┈┈┈┈┈┈┈┈┈┈┈┈┈┈┈┈┈┈┈┈┈┈┈┈┈┈┈┈┈┈┈┈┈┈┈┈┈┈┈┈┈┈┈┈┈┈┈┈┈┈┈┈┈┈┈┈┈┈┈
  └─ ☕ C UI polish



















 📋 ALL  L:labels • h:detail  ○3 ◉3 ◈0 ●0               3 issues  j/k nav │ tab tracks/items │ ⏎ view │ a list │ ? help

--- Step 4: tree_entry ---
bvr 1 Main b Board i Insights g Graph H History T Tree | mode=Tree | focus=list | issues=3/3 | filter=all | sort=default
┌Dependency Tree [focus]─────────────────────┐┌Issue Detail────────────────────────────────────────────────────────────┐
│                                            ││                                                                        │
│ Dependency tree  3 nodes | Enter/za toggle ││ ID: A                                                                  │
│ ────────────────────────────────────────── ││ Title: Feature work                                                    │
│ ▸     o P1 A Feature work                  ││ Status: open                                                           │
│       o P2 B Bug fix                       ││ Type: feature                                                          │
│       o P3 C UI polish                     ││ Depth: 0                                                               │
│                                            ││ Labels: backend, urgent                                                │
│                                            ││                                                                        │
│                                            ││                                                                        │
│                                            ││                                                                        │
│                                            ││                                                                        │
│                                            ││                                                                        │
│                                            ││                                                                        │
│                                            ││                                                                        │
│                                            ││                                                                        │
│                                            ││                                                                        │
│                                            ││                                                                        │
│                                            ││                                                                        │
│                                            ││                                                                        │
│                                            ││                                                                        │
│                                            ││                                                                        │
│                                            ││                                                                        │
│                                            ││                                                                        │
│                                            ││                                                                        │
│                                            ││                                                                        │
│                                            ││                                                                        │
│                                            ││                                                                        │
│                                            ││                                                                        │
│                                            ││                                                                        │
│                                            ││                                                                        │
│                                            ││                                                                        │
└────────────────────────────────────────────┘└────────────────────────────────────────────────────────────────────────┘
Tree: 3 nodes │ j/k navigate │ Enter expand/collapse │ Tab focus │ T/Esc back

--- Step 5: tree_navigate ---
bvr 1 Main b Board i Insights g Graph H History T Tree | mode=Tree | focus=list | issues=3/3 | filter=all | sort=default
┌Dependency Tree [focus]─────────────────────┐┌Issue Detail────────────────────────────────────────────────────────────┐
│                                            ││                                                                        │
│ Dependency tree  3 nodes | Enter/za toggle ││ ID: A                                                                  │
│ ────────────────────────────────────────── ││ Title: Feature work                                                    │
│ ▸     o P1 A Feature work                  ││ Status: open                                                           │
│       o P2 B Bug fix                       ││ Type: feature                                                          │
│       o P3 C UI polish                     ││ Depth: 0                                                               │
│                                            ││ Labels: backend, urgent                                                │
│                                            ││                                                                        │
│                                            ││                                                                        │
│                                            ││                                                                        │
│                                            ││                                                                        │
│                                            ││                                                                        │
│                                            ││                                                                        │
│                                            ││                                                                        │
│                                            ││                                                                        │
│                                            ││                                                                        │
│                                            ││                                                                        │
│                                            ││                                                                        │
│                                            ││                                                                        │
│                                            ││                                                                        │
│                                            ││                                                                        │
│                                            ││                                                                        │
│                                            ││                                                                        │
│                                            ││                                                                        │
│                                            ││                                                                        │
│                                            ││                                                                        │
│                                            ││                                                                        │
│                                            ││                                                                        │
│                                            ││                                                                        │
│                                            ││                                                                        │
│                                            ││                                                                        │
└────────────────────────────────────────────┘└────────────────────────────────────────────────────────────────────────┘
Tree: 3 nodes │ j/k navigate │ Enter expand/collapse │ Tab focus │ T/Esc back

--- Step 6: attention_entry ---
bvr 1 Main b Board i Insights g Graph H History ! Attention | mode=Attention | focus=list | issues=3/3 | filter=all | so
┌Label Attention [focus]─────────────────────┐┌Label Detail────────────────────────────────────────────────────────────┐
│                                            ││                                                                        │
│ Rank  Label                 Score  Reason  ││ Label: backend                                                         │
│ ────────────────────────────────────────── ││ Rank: #1                                                               │
│ ▸  1  backend                0.7  2 open i ││ Attention Score: 0.667                                                 │
│    2  frontend               0.3  1 open i ││ Normalized: 1.000                                                      │
│    3  urgent                 0.3  1 open i ││                                                                        │
│                                            ││ Breakdown:                                                             │
│                                            ││   Open:     2                                                          │
│                                            ││   Blocked:  0                                                          │
│                                            ││   Stale:    0                                                          │
│                                            ││                                                                        │
│                                            ││ Factors:                                                               │
│                                            ││   PageRank sum:     0.6667                                             │
│                                            ││   Staleness factor: 1.00                                               │
│                                            ││   Block impact:     0.0                                                │
│                                            ││   Velocity factor:  1.00                                               │
│                                            ││                                                                        │
│                                            ││ Reason: 2 open issue(s)                                                │
│                                            ││                                                                        │
│                                            ││ Open issues (2):                                                       │
│                                            ││   A                                                                    │
│                                            ││   B                                                                    │
│                                            ││                                                                        │
│                                            ││                                                                        │
│                                            ││                                                                        │
│                                            ││                                                                        │
│                                            ││                                                                        │
│                                            ││                                                                        │
│                                            ││                                                                        │
│                                            ││                                                                        │
│                                            ││                                                                        │
└────────────────────────────────────────────┘└────────────────────────────────────────────────────────────────────────┘
Attention: 3 labels ranked │ j/k navigate │ Tab focus │ !/Esc back

--- Step 7: attention_detail ---
bvr 1 Main b Board i Insights g Graph H History ! Attention | mode=Attention | focus=detail | issues=3/3 | filter=all |
┌Label Attention─────────────────────────────┐┌Label Detail [focus]────────────────────────────────────────────────────┐
│                                            ││                                                                        │
│ Rank  Label                 Score  Reason  ││ Label: frontend                                                        │
│ ────────────────────────────────────────── ││ Rank: #2                                                               │
│    1  backend                0.7  2 open i ││ Attention Score: 0.333                                                 │
│ ▸  2  frontend               0.3  1 open i ││ Normalized: 0.000                                                      │
│    3  urgent                 0.3  1 open i ││                                                                        │
│                                            ││ Breakdown:                                                             │
│                                            ││   Open:     1                                                          │
│                                            ││   Blocked:  0                                                          │
│                                            ││   Stale:    0                                                          │
│                                            ││                                                                        │
│                                            ││ Factors:                                                               │
│                                            ││   PageRank sum:     0.3333                                             │
│                                            ││   Staleness factor: 1.00                                               │
│                                            ││   Block impact:     0.0                                                │
│                                            ││   Velocity factor:  1.00                                               │
│                                            ││                                                                        │
│                                            ││ Reason: 1 open issue(s)                                                │
│                                            ││                                                                        │
│                                            ││ Open issues (1):                                                       │
│                                            ││   C                                                                    │
│                                            ││                                                                        │
│                                            ││                                                                        │
│                                            ││                                                                        │
│                                            ││                                                                        │
│                                            ││                                                                        │
│                                            ││                                                                        │
│                                            ││                                                                        │
│                                            ││                                                                        │
│                                            ││                                                                        │
│                                            ││                                                                        │
└────────────────────────────────────────────┘└────────────────────────────────────────────────────────────────────────┘
Attention: 3 labels ranked │ j/k navigate │ Tab focus │ !/Esc back

--- Step 8: main_return ---
┌────────────────────────────────────────────┐┌────────────────────────────────────────────────────────────────────────┐
│  TYPE PRI STATUS      ID                   ││ ✨ Feature work                                                        │
│▸ ✨ P1 OPEN A Feature work                 ││                                                                        │
│  🐛 P2 OPEN B Bug fix                      ││ ┌────┬────────┬──────────┬──────────┬─────────┐                        │
│  📋 P3 OPEN C UI polish                    ││ │ ID │ Status │ Priority │ Assignee │ Created │                        │
│                                            ││ ├────┼────────┼──────────┼──────────┼─────────┤                        │
│                                            ││ │ A  │ OPEN   │ ⚡ P1    │ —        │ —       │                        │
│                                            ││ └────┴────────┴──────────┴──────────┴─────────┘                        │
│                                            ││                                                                        │
│                                            ││ Labels: backend, urgent                                                │
│                                            ││ C copy id • L label filter • w repo filter • t time-travel             │
│                                            ││                                                                        │
│                                            ││ Graph Analysis                                                         │
│                                            ││ • Impact Depth: 1 (downstream chain length)                            │
│                                            ││ • Centrality: PR 0.3333 • BW 0.0000 • EV 0.5774                        │
│                                            ││ • Flow Role: Hub 0.0000 • Authority 0.0000                             │
│                                            ││                                                                        │
│                                            ││                                                                        │
│                                            ││                                                                        │
│                                            ││                                                                        │
│                                            ││                                                                        │
│                                            ││                                                                        │
│                                            ││                                                                        │
│                                            ││                                                                        │
│                                            ││                                                                        │
│                                            ││                                                                        │
│                                            ││                                                                        │
│                                            ││                                                                        │
│                                            ││                                                                        │
│                                            ││                                                                        │
│                                            ││                                                                        │
│                                            ││                                                                        │
│               Page 1 of 1 (items 1-3 of 3) ││                                                                        │
└────────────────────────────────────────────┘└────────────────────────────────────────────────────────────────────────┘
 📋 ALL  L:labels • h:detail  ○3 ◉3 ◈0 ●0                   3 issues  tab focus │ C copy │ x export │ / search │ ? help
