---
source: src/tui.rs
expression: text
---
 HISTORY  ◉ Git                                                               [/] search  [H] close
 2 beads  •  4 commits  •  1 authors  •  2.0 commits/bead
 Showing all 4 commits
────────────────────────────────────────────────────────────────────────────────────────────────────
┌────────────────────────────┐┌─────────────────────────────────┐┌─────────────────────────────────┐
│COMMITS                     ││RELATED BEADS                    ││RELATED BEADS                    │
│────────────────────────────││─────────────────────────────────││─────────────────────────────────│
│▸ aaaa111 feat: ui wiri… [1]││  ○ Root                         ││  ○ A Root                       │
│  bbbb222 feat: graph c… [1]││                                 ││                                 │
│  cccc333 docs: readme   [1]││                                 ││─────────────────────────────────│
│  dddd444 chore: cargo … [1]││                                 ││COMMIT DETAILS                   │
│                            ││                                 ││─────────────────────────────────│
│                            ││                                 ││SHA: aaaa1111                    │
│                            ││                                 ││Author: Test Author              │
│                            ││                                 ││Date: 2026-01-10T00:00:00Z       │
│                            ││                                 ││Files: 2 changed                 │
│                            ││                                 ││                                 │
│                            ││                                 ││feat: ui wiring                  │
│                            ││                                 ││                                 │
│                            ││                                 ││                                 │
│                            ││                                 ││                                 │
│                            ││                                 ││                                 │
│                            ││                                 ││                                 │
│                            ││                                 ││                                 │
│                            ││                                 ││                                 │
│                            ││                                 ││                                 │
│                            ││                                 ││─────────────────────────────────│
│                            ││                                 ││J/K:bead  y:copy  o:open  g:graph│
└────────────────────────────┘└─────────────────────────────────┘└─────────────────────────────────┘
 📋 ALL  ⚠ 2 alerts (!)   ○2 ◉1 ◈0 ●1               3 issues  j/k nav │ tab focus │ ⏎ jump │ y copy
