---
source: src/tui.rs
expression: text
---
╭──────────────────╮╭──────────────────╮╭──────────────────╮
│ 🚧 Bottlenecks … ││ 🏛 Keystones (2)  ││ 🌐 Influencers … │
│ Betweenness Cent ││ Impact Depth     ││ Eigenvector Cent │
│ Measures how     ││ Measures how     ││ Scores beads by  │
│ ▸   0.481  📋 ●  ││       2.0  📋 ●  ││     1.000  📋 ●  │
╰──────────────────╯╰──────────────────╯╰──────────────────╯
╭──────────────────╮╭──────────────────╮╭──────────────────╮
│ 🛰 Hubs (3)       ││ 📚 Authorities … ││ 🧠 Cores (3)     │
│ HITS Hub Score   ││ HITS Authority S ││ k-core Cohesion  │
│ Beads that       ││ Beads that are   ││ Nodes with       │
│     1.000  📋 ●  ││     1.000  📋 ●  ││         1  📋 ●  │
╰──────────────────╯╰──────────────────╯╰──────────────────╯
╭──────────────────╮╭──────────────────╮╭──────────────────╮
│ 🪢 Cut Points (… ││ ⏳ Slack (2)     ││ 🔄 Cycles (0)    │
│ Articulation Ver ││ Longest-path sla ││ Circular Depende │
│ Nodes whose      ││ Distance from    ││ Groups of beads  │
│                  ││       0.0  📋 ●  ││ ✓ No cycles dete │
╰──────────────────╯╰──────────────────╯╰──────────────────╯
╭──────────────────────────────────────────────────────────╮
│ 🎯 Priority (2)   Agent-First Triage                     │
│ ╭───────────────╮ ╭───────────────╮                      │
│ │  0.69         │ │  0.43         │                      │
│ │ 📋 OPEN ⚡P0  │ │ 📋 OPEN ⚡P0  │                      │
│ │ Root          │ │ Dependent     │                      │
│ │ PR:██████████ │ │ PR:█████████░ │                      │
│ │ ↳ Unblocks 1  │ │ ↳ Unblocks 0  │                      │
│ │               │ │               │                      │
│ ╰───────────────╯ ╰───────────────╯                      │
╰──────────────────────────────────────────────────────────╯
 📋 ALL  ⚠ 2 alerts (!)   ○2 ◉1 ◈0 ●1  3 issues  h/l panels
