---
source: src/tui.rs
expression: artifact
---
=== E2E Journey: history-deep-dive | 120x35 ===

--- Step 1: history_entry ---
 HISTORY  ◈ Beads                                                                                 [/] search  [H] close
 1 beads  •  2 commits  •  1 authors  •  2.0 commits/bead
 Showing all 3 beads
────────────────────────────────────────────────────────────────────────────────────────────────────────────────────────
┌──────────────────────────────────┐┌────────────────────────────────────────┐┌────────────────────────────────────────┐
│BEADS WITH HISTORY                ││COMMITS                                 ││COMMIT DETAILS                          │
│──────────────────────────────────││────────────────────────────────────────││○ A: Root                               │
│▸ ○ A Root           0 commits ⚡2││No commits correlated with A            ││────────────────────────────────────────│
│  ○ B Dependent      2 commits ⚡2││                                        ││LIFECYCLE (2)                           │
│  ✓ C Closed         0 commits ⚡3││                                        │││ ✎ 5mo ago                             │
│                                  ││                                        ││└ 🆕 5mo ago                            │
│                                  ││                                        ││                                        │
│                                  ││                                        ││No commits correlated with A            │
│                                  ││                                        ││                                        │
│                                  ││                                        ││                                        │
│                                  ││                                        ││                                        │
│                                  ││                                        ││                                        │
│                                  ││                                        ││                                        │
│                                  ││                                        ││                                        │
│                                  ││                                        ││                                        │
│                                  ││                                        ││                                        │
│                                  ││                                        ││                                        │
│                                  ││                                        ││                                        │
│                                  ││                                        ││                                        │
│                                  ││                                        ││                                        │
│                                  ││                                        ││                                        │
│                                  ││                                        ││                                        │
│                                  ││                                        ││                                        │
│                                  ││                                        ││                                        │
│                                  ││                                        ││                                        │
│                                  ││                                        ││────────────────────────────────────────│
│                                  ││                                        ││0 commits • 0 files • 0% avg            │
│                                  ││                                        ││J/K:nav  y:copy  o:open  g:graph        │
└──────────────────────────────────┘└────────────────────────────────────────┘└────────────────────────────────────────┘
 📋 ALL  ⚠ 2 alerts (!)   ○2 ◉1 ◈0 ●1                         3 issues  j/k nav │ tab focus │ ⏎ jump │ y copy │ H close

--- Step 2: history_bead_nav ---
 HISTORY  ◈ Beads                                                                                 [/] search  [H] close
 1 beads  •  2 commits  •  1 authors  •  2.0 commits/bead
 Showing all 3 beads
────────────────────────────────────────────────────────────────────────────────────────────────────────────────────────
┌──────────────────────────────────┐┌────────────────────────────────────────┐┌────────────────────────────────────────┐
│BEADS WITH HISTORY                ││COMMITS                                 ││COMMIT DETAILS                          │
│──────────────────────────────────││────────────────────────────────────────││○ B: Dependent                          │
│  ○ A Root           0 commits ⚡2││  aaaa111 feat: ui wiring               ││────────────────────────────────────────│
│▸ ○ B Dependent      2 commits ⚡2││  bbbb222 feat: graph core              ││LIFECYCLE (2)                           │
│  ✓ C Closed         0 commits ⚡3││                                        │││ ✎ 4mo ago                             │
│                                  ││                                        ││└ 🆕 4mo ago                            │
│                                  ││                                        ││                                        │
│                                  ││                                        ││  ✨ aaaa111 (4mo ago)                  │
│                                  ││                                        ││     TA  Test Author • 2026-01-10 00:00 │
│                                  ││                                        ││    feat: ui wiring                     │
│                                  ││                                        ││    95% confidence (co-committed)       │
│                                  ││                                        ││    2 file(s) +2 -0                     │
│                                  ││                                        ││      ~ app.rs +1/-0                    │
│                                  ││                                        ││      ~ detail.rs +1/-0                 │
│                                  ││                                        ││                                        │
│                                  ││                                        ││  ✨ bbbb222 (4mo ago)                  │
│                                  ││                                        ││     TA  Test Author • 2026-01-10 00:00 │
│                                  ││                                        ││    feat: graph core                    │
│                                  ││                                        ││    80% confidence (co-committed)       │
│                                  ││                                        ││    1 file(s) +1 -0                     │
│                                  ││                                        ││      ~ graph.rs +1/-0                  │
│                                  ││                                        ││                                        │
│                                  ││                                        ││                                        │
│                                  ││                                        ││                                        │
│                                  ││                                        ││                                        │
│                                  ││                                        ││────────────────────────────────────────│
│                                  ││                                        ││2 commits • 3 files • +3/-0 • 88% avg   │
│                                  ││                                        ││J/K:nav  y:copy  o:open  g:graph        │
└──────────────────────────────────┘└────────────────────────────────────────┘└────────────────────────────────────────┘
 📋 ALL  ⚠ 2 alerts (!)   ○2 ◉1 ◈0 ●1         3 issues  j/k nav │ tab focus │ ⏎ jump │ y copy │ o open commit │ H close

--- Step 3: history_git_mode ---
 HISTORY  ◉ Git                                                                                   [/] search  [H] close
 1 beads  •  2 commits  •  1 authors  •  2.0 commits/bead
 Showing all 2 commits
────────────────────────────────────────────────────────────────────────────────────────────────────────────────────────
┌──────────────────────────────────┐┌────────────────────────────────────────┐┌────────────────────────────────────────┐
│COMMITS                           ││RELATED BEADS                           ││RELATED BEADS                           │
│──────────────────────────────────││────────────────────────────────────────││────────────────────────────────────────│
│▸ aaaa111 feat: ui wiring      [1]││  ○ Dependent                           ││  ○ B Dependent                         │
│  bbbb222 feat: graph core     [1]││                                        ││                                        │
│                                  ││                                        ││────────────────────────────────────────│
│                                  ││                                        ││COMMIT DETAILS                          │
│                                  ││                                        ││────────────────────────────────────────│
│                                  ││                                        ││SHA: aaaa1111                           │
│                                  ││                                        ││Author: Test Author                     │
│                                  ││                                        ││Date: 2026-01-10T00:00:00Z              │
│                                  ││                                        ││Files: 2 changed                        │
│                                  ││                                        ││                                        │
│                                  ││                                        ││feat: ui wiring                         │
│                                  ││                                        ││                                        │
│                                  ││                                        ││                                        │
│                                  ││                                        ││                                        │
│                                  ││                                        ││                                        │
│                                  ││                                        ││                                        │
│                                  ││                                        ││                                        │
│                                  ││                                        ││                                        │
│                                  ││                                        ││                                        │
│                                  ││                                        ││                                        │
│                                  ││                                        ││                                        │
│                                  ││                                        ││                                        │
│                                  ││                                        ││                                        │
│                                  ││                                        ││                                        │
│                                  ││                                        ││────────────────────────────────────────│
│                                  ││                                        ││J/K:bead  y:copy  o:open  g:graph       │
└──────────────────────────────────┘└────────────────────────────────────────┘└────────────────────────────────────────┘
 📋 ALL  ⚠ 2 alerts (!)   ○2 ◉1 ◈0 ●1         3 issues  j/k nav │ tab focus │ ⏎ jump │ y copy │ o open commit │ H close

--- Step 4: history_search ---
 HISTORY  ◉ Git                                                                                   [/] search  [H] close
 1 beads  •  2 commits  •  1 authors  •  2.0 commits/bead
 Filter: "test"  │  Showing all 2 commits
────────────────────────────────────────────────────────────────────────────────────────────────────────────────────────
┌──────────────────────────────────┐┌────────────────────────────────────────┐┌────────────────────────────────────────┐
│COMMITS                           ││RELATED BEADS                           ││RELATED BEADS                           │
│──────────────────────────────────││────────────────────────────────────────││────────────────────────────────────────│
│▸ aaaa111 feat: ui wiring      [1]││  ○ Dependent                           ││  ○ B Dependent                         │
│  bbbb222 feat: graph core     [1]││                                        ││                                        │
│                                  ││                                        ││────────────────────────────────────────│
│                                  ││                                        ││COMMIT DETAILS                          │
│                                  ││                                        ││────────────────────────────────────────│
│                                  ││                                        ││SHA: aaaa1111                           │
│                                  ││                                        ││Author: Test Author                     │
│                                  ││                                        ││Date: 2026-01-10T00:00:00Z              │
│                                  ││                                        ││Files: 2 changed                        │
│                                  ││                                        ││                                        │
│                                  ││                                        ││feat: ui wiring                         │
│                                  ││                                        ││                                        │
│                                  ││                                        ││                                        │
│                                  ││                                        ││                                        │
│                                  ││                                        ││                                        │
│                                  ││                                        ││                                        │
│                                  ││                                        ││                                        │
│                                  ││                                        ││                                        │
│                                  ││                                        ││                                        │
│                                  ││                                        ││                                        │
│                                  ││                                        ││                                        │
│                                  ││                                        ││                                        │
│                                  ││                                        ││                                        │
│                                  ││                                        ││                                        │
│                                  ││                                        ││────────────────────────────────────────│
│                                  ││                                        ││J/K:bead  y:copy  o:open  g:graph       │
└──────────────────────────────────┘└────────────────────────────────────────┘└────────────────────────────────────────┘
 📋 ALL  ⚠ 2 alerts (!)   ○2 ◉1 ◈0 ●1         3 issues  j/k nav │ tab focus │ ⏎ jump │ y copy │ o open commit │ H close

--- Step 5: history_bead_return ---
 HISTORY  ◈ Beads                                                                                 [/] search  [H] close
 1 beads  •  2 commits  •  1 authors  •  2.0 commits/bead
 Filter: "test"  │  Showing 0/3 beads
────────────────────────────────────────────────────────────────────────────────────────────────────────────────────────
┌──────────────────────────────────┐┌────────────────────────────────────────┐┌────────────────────────────────────────┐
│BEADS WITH HISTORY                ││COMMITS                                 ││No bead selected                        │
│──────────────────────────────────││────────────────────────────────────────││                                        │
│No beads match "test"             ││Select a bead to view commits           ││                                        │
│                                  ││                                        ││                                        │
│                                  ││                                        ││                                        │
│                                  ││                                        ││                                        │
│                                  ││                                        ││                                        │
│                                  ││                                        ││                                        │
│                                  ││                                        ││                                        │
│                                  ││                                        ││                                        │
│                                  ││                                        ││                                        │
│                                  ││                                        ││                                        │
│                                  ││                                        ││                                        │
│                                  ││                                        ││                                        │
│                                  ││                                        ││                                        │
│                                  ││                                        ││                                        │
│                                  ││                                        ││                                        │
│                                  ││                                        ││                                        │
│                                  ││                                        ││                                        │
│                                  ││                                        ││                                        │
│                                  ││                                        ││                                        │
│                                  ││                                        ││                                        │
│                                  ││                                        ││                                        │
│                                  ││                                        ││                                        │
│                                  ││                                        ││                                        │
│                                  ││                                        ││                                        │
│                                  ││                                        ││                                        │
│                                  ││                                        ││                                        │
└──────────────────────────────────┘└────────────────────────────────────────┘└────────────────────────────────────────┘
 📋 ALL  ⚠ 2 alerts (!)   ○2 ◉1 ◈0 ●1                         3 issues  j/k nav │ tab focus │ ⏎ jump │ y copy │ H close

--- Step 6: history_middle_focus ---
 HISTORY  ◈ Beads                                                                                 [/] search  [H] close
 1 beads  •  2 commits  •  1 authors  •  2.0 commits/bead
 Filter: "test"  │  Showing 0/3 beads
────────────────────────────────────────────────────────────────────────────────────────────────────────────────────────
┌──────────────────────────────────┐┌────────────────────────────────────────┐┌────────────────────────────────────────┐
│BEADS WITH HISTORY                ││COMMITS                                 ││No bead selected                        │
│──────────────────────────────────││────────────────────────────────────────││                                        │
│No beads match "test"             ││Select a bead to view commits           ││                                        │
│                                  ││                                        ││                                        │
│                                  ││                                        ││                                        │
│                                  ││                                        ││                                        │
│                                  ││                                        ││                                        │
│                                  ││                                        ││                                        │
│                                  ││                                        ││                                        │
│                                  ││                                        ││                                        │
│                                  ││                                        ││                                        │
│                                  ││                                        ││                                        │
│                                  ││                                        ││                                        │
│                                  ││                                        ││                                        │
│                                  ││                                        ││                                        │
│                                  ││                                        ││                                        │
│                                  ││                                        ││                                        │
│                                  ││                                        ││                                        │
│                                  ││                                        ││                                        │
│                                  ││                                        ││                                        │
│                                  ││                                        ││                                        │
│                                  ││                                        ││                                        │
│                                  ││                                        ││                                        │
│                                  ││                                        ││                                        │
│                                  ││                                        ││                                        │
│                                  ││                                        ││                                        │
│                                  ││                                        ││                                        │
│                                  ││                                        ││                                        │
└──────────────────────────────────┘└────────────────────────────────────────┘└────────────────────────────────────────┘
 📋 ALL  ⚠ 2 alerts (!)   ○2 ◉1 ◈0 ●1                         3 issues  j/k nav │ tab focus │ ⏎ jump │ y copy │ H close

--- Step 7: history_detail_focus ---
 HISTORY  ◈ Beads                                                                                 [/] search  [H] close
 1 beads  •  2 commits  •  1 authors  •  2.0 commits/bead
 Filter: "test"  │  Showing 0/3 beads
────────────────────────────────────────────────────────────────────────────────────────────────────────────────────────
┌──────────────────────────────────┐┌────────────────────────────────────────┐┌────────────────────────────────────────┐
│BEADS WITH HISTORY                ││COMMITS                                 ││No bead selected                        │
│──────────────────────────────────││────────────────────────────────────────││                                        │
│No beads match "test"             ││Select a bead to view commits           ││                                        │
│                                  ││                                        ││                                        │
│                                  ││                                        ││                                        │
│                                  ││                                        ││                                        │
│                                  ││                                        ││                                        │
│                                  ││                                        ││                                        │
│                                  ││                                        ││                                        │
│                                  ││                                        ││                                        │
│                                  ││                                        ││                                        │
│                                  ││                                        ││                                        │
│                                  ││                                        ││                                        │
│                                  ││                                        ││                                        │
│                                  ││                                        ││                                        │
│                                  ││                                        ││                                        │
│                                  ││                                        ││                                        │
│                                  ││                                        ││                                        │
│                                  ││                                        ││                                        │
│                                  ││                                        ││                                        │
│                                  ││                                        ││                                        │
│                                  ││                                        ││                                        │
│                                  ││                                        ││                                        │
│                                  ││                                        ││                                        │
│                                  ││                                        ││                                        │
│                                  ││                                        ││                                        │
│                                  ││                                        ││                                        │
│                                  ││                                        ││                                        │
└──────────────────────────────────┘└────────────────────────────────────────┘└────────────────────────────────────────┘
 📋 ALL  ⚠ 2 alerts (!)   ○2 ◉1 ◈0 ●1                         3 issues  j/k nav │ tab focus │ ⏎ jump │ y copy │ H close

--- Step 8: main_after_history ---
┌────────────────────────────────────────────┐┌────────────────────────────────────────────────────────────────────────┐
│  TYPE PRI STATUS      ID                   ││ 📋 Root                                                                │
│▸ 📋 P0 🔓1 OPEN A Root                     ││                                                                        │
│  📋 P0 OPEN B Dependent                    ││ ┌────┬────────┬──────────┬──────────┬────────────┐                     │
│  📋 P0 DONE C Closed                       ││ │ ID │ Status │ Priority │ Assignee │ Created    │                     │
│                                            ││ ├────┼────────┼──────────┼──────────┼────────────┤                     │
│                                            ││ │ A  │ OPEN   │ 🔥 P0    │ @alice   │ 2026-01-01 │                     │
│                                            ││ └────┴────────┴──────────┴──────────┴────────────┘                     │
│                                            ││                                                                        │
│                                            ││ Labels: core, parity                                                   │
│                                            ││ C copy id • L label filter • w repo filter • t time-travel             │
│                                            ││                                                                        │
│                                            ││ 🎯 Triage Insights                                                     │
│                                            ││ • 🔓 Unblocks: 1 downstream items when completed                       │
│                                            ││                                                                        │
│                                            ││ Graph Analysis                                                         │
│                                            ││ • Impact Depth: 2 (downstream chain length)                            │
│                                            ││ • Centrality: PR 0.4805 • BW 0.0000 • EV 1.0000                        │
│                                            ││ • Flow Role: Hub 0.0000 • Authority 1.0000                             │
│                                            ││                                                                        │
│                                            ││ Description                                                            │
│                                            ││                                                                        │
│                                            ││ Top-level issue that unblocks downstream work once the shared baseline │
│                                            ││ is solid.                                                              │
│                                            ││                                                                        │
│                                            ││ Design Notes                                                           │
│                                            ││                                                                        │
│                                            ││ Keep the main flow lean, surface the most important context first, and │
│                                            ││ let supporting sections trail after the summary.                       │
│                                            ││                                                                        │
│                                            ││ Acceptance Criteria                                                    │
│                                            ││ • Detail summary shows triage and graph context.                       │
│               Page 1 of 1 (items 1-3 of 3) ││ • Rich body sections stay readable across narrow and wide panes.       │
└────────────────────────────────────────────┘└────────────────────────────────────────────────────────────────────────┘
 📋 ALL  ⚠ 2 alerts (!)   ○2 ◉1 ◈0 ●1                       3 issues  tab focus │ C copy │ x export │ / search │ ? help
