---
source: src/tui.rs
expression: text
---
                     BOARD [by: Status]
  📋 OPEN (2)  🔄 IN PROGRESS…🚫 BLOCKED (0)  ✅ CLOSED (1)
╭─────────────╮╭─────────────╮╭─────────────╮╭─────────────╮
│ ╭─────────╮ ││             ││             ││ ╭─────────╮ │
│ │ 📋 P0 … │ ││             ││             ││ │ 📋 P0 … │ │
│ │ Root    │ ││             ││             ││ │ Closed  │ │
│ │ ⚡→1 c… │ ││             ││             ││ │         │ │
│ ╰─────────╯ ││             ││             ││ ╰─────────╯ │
│             ││             ││             ││             │
│ ╭─────────╮ ││             ││             ││             │
│ │ 📋 P0 … │ ││             ││             ││             │
│ │ Depend… │ ││             ││             ││             │
│ │ 🚫←A (… │ ││             ││             ││             │
│ ╰─────────╯ ││             ││             ││             │
│             ││             ││             ││             │
│             ││   (empty)   ││   (empty)   ││             │
│             ││             ││             ││             │
│             ││             ││             ││             │
│             ││             ││             ││             │
│             ││             ││             ││             │
│             ││             ││             ││             │
│             ││             ││             ││             │
│             ││             ││             ││             │
│             ││             ││             ││             │
│             ││             ││             ││             │
│             ││             ││             ││             │
│             ││             ││             ││             │
│             ││             ││             ││             │
╰─────────────╯╰─────────────╯╰─────────────╯╰─────────────╯
 📋 ALL  ⚠ 2 alerts (!)   ○2 ◉1 ◈0 ●1    3 issues  hjkl nav
