---
source: src/tui.rs
expression: text
---
bvr Graph | 3/3 | all
┌Graph Nodes [focus]┐┌Graph Focus──────────────────────────┐
│                   ││                                     │
│ Nodes (3) by crit ││ Graph: nodes=3 edges=1 cycles=0 act │
│                   ││                                     │
│ > o A             ││   +---[o T p0]---+                  │
│   o B             ││   | A                 |             │
│   x C             ││   | Root              |             │
│                   ││   | up:0 down:1        |            │
│                   ││   +-------------------+             │
│                   ││         |                           │
│                   ││         v                           │
│                   ││   BLOCKS (waiting):                 │
│                   ││     [o] B                           │
│                   ││                                     │
│                   ││ GRAPH METRICS                       │
│                   ││ Importance:                         │
│                   ││   Critical Path         2  ████░░   │
│                   ││   PageRank         0.4805  ██████   │
│                   ││   Eigenvector      1.0000  ██████   │
│                   ││ Flow & Connectivity:                │
│                   ││   Betweenness      0.0000  ░░░░░░   │
│                   ││   Hub Score        0.0000  ░░░░░░   │
│                   ││   Authority        1.0000  ██████   │
│                   ││ Connections:                        │
│                   ││   In-Degree             0  ░░░░░░   │
│                   ││   Out-Degree            1  ██░░░░   │
│                   ││                                     │
└───────────────────┘└─────────────────────────────────────┘
Graph mode: centrality ranks, blockers/dependents, cycle mem
